main.c:100:5:main	168	static
main.c:198:6:SystemClock_Config	88	static
main.c:249:13:MX_ADC1_Init	24	static
main.c:308:13:MX_I2C1_Init	8	static
main.c:354:13:MX_I2C2_Init	8	static
main.c:400:13:MX_UART4_Init	8	static
main.c:431:13:MX_DMA_Init	16	static
main.c:449:13:MX_GPIO_Init	48	static
main.c:483:6:taskCOMPASS	16	static
main.c:501:6:taskALTITUDE	16	static
main.c:528:6:taskTEMPERATURE	24	static
main.c:555:6:taskGYRO	24	static
main.c:614:6:taskCONTROL	16	static
main.c:659:6:HAL_TIM_PeriodElapsedCallback	16	static
main.c:676:6:Error_Handler	4	static,ignoring_inline_asm
